<div
  data-v-app=""
>
  <div
    class="tw-flex tw-flex-col tw-gap-4"
  >
    <div
      class="tw-flex tw-flex-wrap tw-gap-6"
    >
      
      <div
        class="tw-flex tw-flex-col tw-items-center tw-gap-2"
      >
        
        <!-- Inline mode: render badge element directly without wrapper -->
        
        <!-- Standard mode: wrapper with slot and positioned badge -->
        <div
          class="vc-badge vc-badge--medium"
        >
          <div
            class="vc-badge__content"
          >
            
            <div
              class="tw-w-10 tw-h-10 tw-bg-gray-200 tw-rounded tw-flex tw-items-center tw-justify-center"
            >
              <svg
                class="tw-h-5 tw-w-5"
                fill="none"
                stroke="currentColor"
                viewBox="0 0 24 24"
                xmlns="http://www.w3.org/2000/svg"
              >
                <path
                  d="M20 13V6a2 2 0 00-2-2H6a2 2 0 00-2 2v7m16 0v5a2 2 0 01-2 2H6a2 2 0 01-2-2v-5m16 0h-2.586a1 1 0 00-.707.293l-2.414 2.414a1 1 0 01-.707.293h-3.172a1 1 0 01-.707-.293l-2.414-2.414A1 1 0 006.586 13H4"
                  stroke-linecap="round"
                  stroke-linejoin="round"
                  stroke-width="2"
                />
              </svg>
            </div>
            
            <div
              class="vc-badge__badge vc-badge__badge--primary"
            >
              <span
                class="vc-badge__text"
              >
                1
              </span>
            </div>
          </div>
        </div>
        
        
        <span
          class="tw-text-xs"
        >
          Single digit
        </span>
      </div>
      <div
        class="tw-flex tw-flex-col tw-items-center tw-gap-2"
      >
        
        <!-- Inline mode: render badge element directly without wrapper -->
        
        <!-- Standard mode: wrapper with slot and positioned badge -->
        <div
          class="vc-badge vc-badge--medium"
        >
          <div
            class="vc-badge__content"
          >
            
            <div
              class="tw-w-10 tw-h-10 tw-bg-gray-200 tw-rounded tw-flex tw-items-center tw-justify-center"
            >
              <svg
                class="tw-h-5 tw-w-5"
                fill="none"
                stroke="currentColor"
                viewBox="0 0 24 24"
                xmlns="http://www.w3.org/2000/svg"
              >
                <path
                  d="M20 13V6a2 2 0 00-2-2H6a2 2 0 00-2 2v7m16 0v5a2 2 0 01-2 2H6a2 2 0 01-2-2v-5m16 0h-2.586a1 1 0 00-.707.293l-2.414 2.414a1 1 0 01-.707.293h-3.172a1 1 0 01-.707-.293l-2.414-2.414A1 1 0 006.586 13H4"
                  stroke-linecap="round"
                  stroke-linejoin="round"
                  stroke-width="2"
                />
              </svg>
            </div>
            
            <div
              class="vc-badge__badge vc-badge__badge--primary vc-badge__badge--content-long"
            >
              <span
                class="vc-badge__text"
              >
                42
              </span>
            </div>
          </div>
        </div>
        
        
        <span
          class="tw-text-xs"
        >
          Double digits
        </span>
      </div>
      <div
        class="tw-flex tw-flex-col tw-items-center tw-gap-2"
      >
        
        <!-- Inline mode: render badge element directly without wrapper -->
        
        <!-- Standard mode: wrapper with slot and positioned badge -->
        <div
          class="vc-badge vc-badge--medium"
        >
          <div
            class="vc-badge__content"
          >
            
            <div
              class="tw-w-10 tw-h-10 tw-bg-gray-200 tw-rounded tw-flex tw-items-center tw-justify-center"
            >
              <svg
                class="tw-h-5 tw-w-5"
                fill="none"
                stroke="currentColor"
                viewBox="0 0 24 24"
                xmlns="http://www.w3.org/2000/svg"
              >
                <path
                  d="M20 13V6a2 2 0 00-2-2H6a2 2 0 00-2 2v7m16 0v5a2 2 0 01-2 2H6a2 2 0 01-2-2v-5m16 0h-2.586a1 1 0 00-.707.293l-2.414 2.414a1 1 0 01-.707.293h-3.172a1 1 0 01-.707-.293l-2.414-2.414A1 1 0 006.586 13H4"
                  stroke-linecap="round"
                  stroke-linejoin="round"
                  stroke-width="2"
                />
              </svg>
            </div>
            
            <div
              class="vc-badge__badge vc-badge__badge--primary vc-badge__badge--content-long vc-badge__badge--content-very-long"
            >
              <span
                class="vc-badge__text"
              >
                99+
              </span>
            </div>
          </div>
        </div>
        
        
        <span
          class="tw-text-xs"
        >
          Overflow
        </span>
      </div>
      <div
        class="tw-flex tw-flex-col tw-items-center tw-gap-2"
      >
        
        <!-- Inline mode: render badge element directly without wrapper -->
        
        <!-- Standard mode: wrapper with slot and positioned badge -->
        <div
          class="vc-badge vc-badge--medium"
        >
          <div
            class="vc-badge__content"
          >
            
            <div
              class="tw-w-10 tw-h-10 tw-bg-gray-200 tw-rounded tw-flex tw-items-center tw-justify-center"
            >
              <svg
                class="tw-h-5 tw-w-5"
                fill="none"
                stroke="currentColor"
                viewBox="0 0 24 24"
                xmlns="http://www.w3.org/2000/svg"
              >
                <path
                  d="M20 13V6a2 2 0 00-2-2H6a2 2 0 00-2 2v7m16 0v5a2 2 0 01-2 2H6a2 2 0 01-2-2v-5m16 0h-2.586a1 1 0 00-.707.293l-2.414 2.414a1 1 0 01-.707.293h-3.172a1 1 0 01-.707-.293l-2.414-2.414A1 1 0 006.586 13H4"
                  stroke-linecap="round"
                  stroke-linejoin="round"
                  stroke-width="2"
                />
              </svg>
            </div>
            
            <div
              class="vc-badge__badge vc-badge__badge--primary vc-badge__badge--content-long vc-badge__badge--content-very-long"
            >
              <span
                class="vc-badge__text"
              >
                New
              </span>
            </div>
          </div>
        </div>
        
        
        <span
          class="tw-text-xs"
        >
          Text
        </span>
      </div>
      <div
        class="tw-flex tw-flex-col tw-items-center tw-gap-2"
      >
        
        <!-- Inline mode: render badge element directly without wrapper -->
        
        <!-- Standard mode: wrapper with slot and positioned badge -->
        <div
          class="vc-badge vc-badge--medium"
        >
          <div
            class="vc-badge__content"
          >
            
            <div
              class="tw-w-10 tw-h-10 tw-bg-gray-200 tw-rounded tw-flex tw-items-center tw-justify-center"
            >
              <svg
                class="tw-h-5 tw-w-5"
                fill="none"
                stroke="currentColor"
                viewBox="0 0 24 24"
                xmlns="http://www.w3.org/2000/svg"
              >
                <path
                  d="M20 13V6a2 2 0 00-2-2H6a2 2 0 00-2 2v7m16 0v5a2 2 0 01-2 2H6a2 2 0 01-2-2v-5m16 0h-2.586a1 1 0 00-.707.293l-2.414 2.414a1 1 0 01-.707.293h-3.172a1 1 0 01-.707-.293l-2.414-2.414A1 1 0 006.586 13H4"
                  stroke-linecap="round"
                  stroke-linejoin="round"
                  stroke-width="2"
                />
              </svg>
            </div>
            
            <div
              class="vc-badge__badge vc-badge__badge--primary vc-badge__badge--content-long vc-badge__badge--content-very-long"
            >
              <span
                class="vc-badge__text"
              >
                Sale!
              </span>
            </div>
          </div>
        </div>
        
        
        <span
          class="tw-text-xs"
        >
          Long text
        </span>
      </div>
      
    </div>
  </div>
</div>"
                viewBox="0 0 24 24"
                xmlns="http://www.w3.org/2000/svg"
              >
                <path
                  d="M7 8h10M7 12h4m1 8l-4-4H5a2 2 0 01-2-2V6a2 2 0 012-2h14a2 2 0 012 2v8a2 2 0 01-2 2h-3l-4 4z"
                  stroke-linecap="round"
                  stroke-linejoin="round"
                  stroke-width="2"
                />
              </svg>
            </div>
            
            <div
              aria-label="Notification"
              class="vc-badge__badge vc-badge__badge--secondary vc-badge__badge--content-long vc-badge__badge--content-very-long vc-badge__badge--dot"
            >
              <!--v-if-->
            </div>
          </div>
        </div>
        
        
        <span
          class="tw-text-xs"
        >
          secondary
        </span>
      </div>
      
    </div>
  </div>
</div>         class="vc-badge__badge vc-badge__badge--secondary"
            >
              <span
                class="vc-badge__text"
              >
                5
              </span>
            </div>
          </div>
        </div>
        
        
        <span
          class="tw-text-xs"
        >
          Secondary
        </span>
      </div>
      
    </div>
  </div>
</div>