<div
  data-v-app=""
>
  <div
    style="width: 400px; height: 300px; border: 1px solid rgb(204, 204, 204); border-radius: 8px;"
  >
    <div
      class="vc-container vc-container--nopadding"
    >
      <div
        class="vc-container__inner"
      >
        
        <div
          style="background-color: rgb(240, 240, 240); padding: 16px;"
        >
          <h3
            style="margin-top: 0px;"
          >
            Edge-to-edge content
          </h3>
          <p>
            This content has no padding from the container, allowing it to extend all the way to the edges.
          </p>
        </div>
        <div
          style="padding: 16px;"
        >
          <p>
            Content can define its own padding as needed.
          </p>
          <p>
            This is useful for creating sections with different background colors or for content that needs to be edge-to-edge.
          </p>
        </div>
        <div
          style="background-color: rgb(224, 224, 224); padding: 16px;"
        >
          <p>
            Another section with a different background.
          </p>
        </div>
        
      </div>
    </div>
  </div>
</div>ullamcorper, ut varius enim molestie. Suspendisse eleifend at libero id ultricies. Duis sagittis quis metus eget condimentum.
        </p>
        
      </div>
    </div>
  </div>
</div>