<div
  data-v-app=""
>
  <div
    style="max-width: 300px;"
  >
    <button
      aria-disabled="false"
      class="vc-link"
      default="This is a much longer link text that might wrap to multiple lines depending on the container width"
      type="button"
    >
      
      This is a much longer link text that might wrap to multiple lines depending on the container width
      
    </button>
  </div>
</div>on"
    >
      
      Services
      
    </button>
    <button
      aria-disabled="true"
      class="vc-link vc-link--disabled"
      disabled=""
      type="button"
    >
      
      Admin
      
    </button>
  </div>
</div>