<div
  data-v-app=""
>
  <div
    style="width: 246px; background: var(--additional-50, white); padding: 8px; border-radius: 8px; min-height: 400px;"
  >
    <div
      class="vc-menu"
    >
      <!-- Loading skeleton -->
      
      <!-- Menu content -->
      <div
        class="vc-menu__items"
      >
        
        <div
          class="vc-menu-group vc-menu-group--section"
        >
          <!-- Section variant header -->
          <button
            class="vc-menu-group__section-header"
          >
            <!--v-if-->
            <span
              class="vc-menu-group__section-title"
            >
              Orders
            </span>
            <svg
              aria-hidden="true"
              class="lucide vc-lucide-icon vc-lucide-icon--s vc-icon vc-icon--s vc-menu-group__chevron vc-menu-group__chevron lucide-chevron-down-icon lucide-chevron-down vc-lucide-icon vc-lucide-icon--s vc-icon vc-icon--s vc-menu-group__chevron vc-menu-group__chevron"
              fill="none"
              height="24"
              stroke="currentColor"
              stroke-linecap="round"
              stroke-linejoin="round"
              stroke-width="1.5"
              viewBox="0 0 24 24"
              width="24"
              xmlns="http://www.w3.org/2000/svg"
            >
              <path
                d="m6 9 6 6 6-6"
              />
            </svg>
          </button>
          <!-- Children with grid animation -->
          <div
            class="vc-menu-group__children-wrapper"
          >
            <div
              class="vc-menu-group__children"
            >
              
              <div
                class="vc-menu-item"
              >
                <vctooltip
                  placement="bottom"
                >
                  <div
                    class="vc-menu-item__content"
                  >
                    <!-- Icon -->
                    <div
                      class="vc-menu-item__icon"
                    >
                      <svg
                        aria-hidden="true"
                        class="lucide vc-lucide-icon vc-lucide-icon--m vc-icon vc-icon--m vc-menu-item__icon-content vc-menu-item__icon-content lucide-shopping-cart-icon lucide-shopping-cart vc-lucide-icon vc-lucide-icon--m vc-icon vc-icon--m vc-menu-item__icon-content vc-menu-item__icon-content"
                        fill="none"
                        height="24"
                        stroke="currentColor"
                        stroke-linecap="round"
                        stroke-linejoin="round"
                        stroke-width="1.5"
                        viewBox="0 0 24 24"
                        width="24"
                        xmlns="http://www.w3.org/2000/svg"
                      >
                        <circle
                          cx="8"
                          cy="21"
                          r="1"
                        />
                        <circle
                          cx="19"
                          cy="21"
                          r="1"
                        />
                        <path
                          d="M2.05 2.05h2l2.66 12.42a2 2 0 0 0 2 1.58h9.78a2 2 0 0 0 1.95-1.57l1.65-7.43H5.12"
                        />
                      </svg>
                    </div>
                    <!-- Title + badge (shown when expanded) -->
                    <div
                      class="vc-menu-item__title"
                    >
                      <span
                        class="vc-menu-item__title-text"
                      >
                        New Orders
                      </span>
                      
                      <!-- Inline mode: render badge element directly without wrapper -->
                      <div
                        class="vc-badge__badge vc-badge__badge--inline vc-badge__badge--primary vc-badge__badge--inline-small vc-menu-item__badge"
                      >
                        <span
                          class="vc-badge__text"
                        >
                          5
                        </span>
                      </div>
                      
                      
                      
                    </div>
                  </div>
                </vctooltip>
              </div>
              <div
                class="vc-menu-item"
              >
                <vctooltip
                  placement="bottom"
                >
                  <div
                    class="vc-menu-item__content"
                  >
                    <!-- Icon -->
                    <div
                      class="vc-menu-item__icon"
                    >
                      <svg
                        aria-hidden="true"
                        class="lucide vc-lucide-icon vc-lucide-icon--m vc-icon vc-icon--m vc-menu-item__icon-content vc-menu-item__icon-content lucide-triangle-alert-icon lucide-triangle-alert vc-lucide-icon vc-lucide-icon--m vc-icon vc-icon--m vc-menu-item__icon-content vc-menu-item__icon-content"
                        fill="none"
                        height="24"
                        stroke="currentColor"
                        stroke-linecap="round"
                        stroke-linejoin="round"
                        stroke-width="1.5"
                        viewBox="0 0 24 24"
                        width="24"
                        xmlns="http://www.w3.org/2000/svg"
                      >
                        <path
                          d="m21.73 18-8-14a2 2 0 0 0-3.48 0l-8 14A2 2 0 0 0 4 21h16a2 2 0 0 0 1.73-3"
                        />
                        <path
                          d="M12 9v4"
                        />
                        <path
                          d="M12 17h.01"
                        />
                      </svg>
                    </div>
                    <!-- Title + badge (shown when expanded) -->
                    <div
                      class="vc-menu-item__title"
                    >
                      <span
                        class="vc-menu-item__title-text"
                      >
                        Returns
                      </span>
                      
                      <!-- Inline mode: render badge element directly without wrapper -->
                      <div
                        class="vc-badge__badge vc-badge__badge--inline vc-badge__badge--danger vc-badge__badge--content-long vc-badge__badge--inline-small vc-menu-item__badge"
                      >
                        <span
                          class="vc-badge__text"
                        >
                          99
                        </span>
                      </div>
                      
                      
                      
                    </div>
                  </div>
                </vctooltip>
              </div>
              <div
                class="vc-menu-item"
              >
                <vctooltip
                  placement="bottom"
                >
                  <div
                    class="vc-menu-item__content"
                  >
                    <!-- Icon -->
                    <div
                      class="vc-menu-item__icon"
                    >
                      <svg
                        aria-hidden="true"
                        class="lucide vc-lucide-icon vc-lucide-icon--m vc-icon vc-icon--m vc-menu-item__icon-content vc-menu-item__icon-content lucide-bell-icon lucide-bell vc-lucide-icon vc-lucide-icon--m vc-icon vc-icon--m vc-menu-item__icon-content vc-menu-item__icon-content"
                        fill="none"
                        height="24"
                        stroke="currentColor"
                        stroke-linecap="round"
                        stroke-linejoin="round"
                        stroke-width="1.5"
                        viewBox="0 0 24 24"
                        width="24"
                        xmlns="http://www.w3.org/2000/svg"
                      >
                        <path
                          d="M10.268 21a2 2 0 0 0 3.464 0"
                        />
                        <path
                          d="M3.262 15.326A1 1 0 0 0 4 17h16a1 1 0 0 0 .74-1.673C19.41 13.956 18 12.499 18 8A6 6 0 0 0 6 8c0 4.499-1.411 5.956-2.738 7.326"
                        />
                      </svg>
                    </div>
                    <!-- Title + badge (shown when expanded) -->
                    <div
                      class="vc-menu-item__title"
                    >
                      <span
                        class="vc-menu-item__title-text"
                      >
                        Notifications
                      </span>
                      
                      <!-- Inline mode: render badge element directly without wrapper -->
                      <div
                        aria-label="Notification"
                        class="vc-badge__badge vc-badge__badge--inline vc-badge__badge--warning vc-badge__badge--content-long vc-badge__badge--content-very-long vc-badge__badge--dot vc-badge__badge--inline-small vc-menu-item__badge"
                      >
                        <!--v-if-->
                      </div>
                      
                      
                      
                    </div>
                  </div>
                </vctooltip>
              </div>
              
            </div>
          </div>
        </div>
        
      </div>
      
    </div>
  </div>
</div>="vc-menu-item"
          >
            <vctooltip
              placement="right"
            >
              <div
                class="vc-menu-item__content vc-menu-item__content--collapsed"
              >
                <!-- Icon -->
                <div
                  class="vc-menu-item__icon"
                >
                  <svg
                    aria-hidden="true"
                    class="lucide vc-lucide-icon vc-lucide-icon--m vc-icon vc-icon--m vc-menu-item__icon-content vc-menu-item__icon-content lucide-settings-icon lucide-settings vc-lucide-icon vc-lucide-icon--m vc-icon vc-icon--m vc-menu-item__icon-content vc-menu-item__icon-content"
                    fill="none"
                    height="24"
                    stroke="currentColor"
                    stroke-linecap="round"
                    stroke-linejoin="round"
                    stroke-width="1.5"
                    viewBox="0 0 24 24"
                    width="24"
                    xmlns="http://www.w3.org/2000/svg"
                  >
                    <path
                      d="M9.671 4.136a2.34 2.34 0 0 1 4.659 0 2.34 2.34 0 0 0 3.319 1.915 2.34 2.34 0 0 1 2.33 4.033 2.34 2.34 0 0 0 0 3.831 2.34 2.34 0 0 1-2.33 4.033 2.34 2.34 0 0 0-3.319 1.915 2.34 2.34 0 0 1-4.659 0 2.34 2.34 0 0 0-3.32-1.915 2.34 2.34 0 0 1-2.33-4.033 2.34 2.34 0 0 0 0-3.831A2.34 2.34 0 0 1 6.35 6.051a2.34 2.34 0 0 0 3.319-1.915"
                    />
                    <circle
                      cx="12"
                      cy="12"
                      r="3"
                    />
                  </svg>
                </div>
                <!-- Title + badge (shown when expanded) -->
                <div
                  class="vc-menu-item__title"
                  style="display: none;"
                >
                  <span
                    class="vc-menu-item__title-text"
                  >
                    Settings
                  </span>
                  <!--v-if-->
                  
                  
                </div>
              </div>
            </vctooltip>
          </div>
          
        </div>
        
      </div>
    </div>
  </div>
</div>-skeleton__shape--circle tw-animate-pulse"
                role="status"
                style="width: 18px; height: 18px;"
              >
                <span
                  class="tw-sr-only"
                >
                  Loading...
                </span>
              </div>
              
              
              
              <!-- Text variant: rows of skeleton lines (original behavior) -->
              
              <!-- Circle / Block variant: single shape element -->
              <div
                aria-busy="true"
                aria-label="Loading..."
                class="vc-skeleton__shape vc-skeleton__shape--block tw-animate-pulse"
                role="status"
                style="width: 110px; height: 14px;"
              >
                <span
                  class="tw-sr-only"
                >
                  Loading...
                </span>
              </div>
              
              
            </div>
            <!-- Nested children -->
            <div
              class="tw-flex tw-flex-col tw-gap-1 tw-pl-3"
            >
              
              <div
                class="tw-flex tw-items-center tw-gap-1.5 tw-h-6 tw-px-1.5"
              >
                
                <!-- Text variant: rows of skeleton lines (original behavior) -->
                
                <!-- Circle / Block variant: single shape element -->
                <div
                  aria-busy="true"
                  aria-label="Loading..."
                  class="vc-skeleton__shape vc-skeleton__shape--circle tw-animate-pulse"
                  role="status"
                  style="width: 16px; height: 16px;"
                >
                  <span
                    class="tw-sr-only"
                  >
                    Loading...
                  </span>
                </div>
                
                
                
                <!-- Text variant: rows of skeleton lines (original behavior) -->
                
                <!-- Circle / Block variant: single shape element -->
                <div
                  aria-busy="true"
                  aria-label="Loading..."
                  class="vc-skeleton__shape vc-skeleton__shape--block tw-animate-pulse"
                  role="status"
                  style="width: 70px; height: 12px;"
                >
                  <span
                    class="tw-sr-only"
                  >
                    Loading...
                  </span>
                </div>
                
                
              </div>
              <div
                class="tw-flex tw-items-center tw-gap-1.5 tw-h-6 tw-px-1.5"
              >
                
                <!-- Text variant: rows of skeleton lines (original behavior) -->
                
                <!-- Circle / Block variant: single shape element -->
                <div
                  aria-busy="true"
                  aria-label="Loading..."
                  class="vc-skeleton__shape vc-skeleton__shape--circle tw-animate-pulse"
                  role="status"
                  style="width: 16px; height: 16px;"
                >
                  <span
                    class="tw-sr-only"
                  >
                    Loading...
                  </span>
                </div>
                
                
                
                <!-- Text variant: rows of skeleton lines (original behavior) -->
                
                <!-- Circle / Block variant: single shape element -->
                <div
                  aria-busy="true"
                  aria-label="Loading..."
                  class="vc-skeleton__shape vc-skeleton__shape--block tw-animate-pulse"
                  role="status"
                  style="width: 55px; height: 12px;"
                >
                  <span
                    class="tw-sr-only"
                  >
                    Loading...
                  </span>
                </div>
                
                
              </div>
              
            </div>
            
            
          </div>
        </div>
        
      </div>
    </div>
  </div>
</div>                           stroke-linejoin="round"
                                  stroke-width="1.5"
                                  viewBox="0 0 24 24"
                                  width="24"
                                  xmlns="http://www.w3.org/2000/svg"
                                >
                                  <path
                                    d="M21 10.656V19a2 2 0 0 1-2 2H5a2 2 0 0 1-2-2V5a2 2 0 0 1 2-2h12.344"
                                  />
                                  <path
                                    d="m9 11 3 3L22 4"
                                  />
                                </svg>
                              </div>
                              <!-- Title + badge (shown when expanded) -->
                              <div
                                class="vc-menu-item__title"
                              >
                                <span
                                  class="vc-menu-item__title-text"
                                >
                                  Accepted
                                </span>
                                <!--v-if-->
                                
                                
                              </div>
                            </div>
                          </vctooltip>
                        </div>
                        <div
                          class="vc-menu-item"
                        >
                          <vctooltip
                            placement="bottom"
                          >
                            <div
                              class="vc-menu-item__content vc-menu-item__content--nested"
                            >
                              <!-- Icon -->
                              <div
                                class="vc-menu-item__icon"
                              >
                                <svg
                                  aria-hidden="true"
                                  class="lucide vc-lucide-icon vc-lucide-icon--m vc-icon vc-icon--m vc-menu-item__icon-content vc-menu-item__icon-content lucide-square-x-icon lucide-square-x vc-lucide-icon vc-lucide-icon--m vc-icon vc-icon--m vc-menu-item__icon-content vc-menu-item__icon-content"
                                  fill="none"
                                  height="24"
                                  stroke="currentColor"
                                  stroke-linecap="round"
                                  stroke-linejoin="round"
                                  stroke-width="1.5"
                                  viewBox="0 0 24 24"
                                  width="24"
                                  xmlns="http://www.w3.org/2000/svg"
                                >
                                  <rect
                                    height="18"
                                    rx="2"
                                    ry="2"
                                    width="18"
                                    x="3"
                                    y="3"
                                  />
                                  <path
                                    d="m15 9-6 6"
                                  />
                                  <path
                                    d="m9 9 6 6"
                                  />
                                </svg>
                              </div>
                              <!-- Title + badge (shown when expanded) -->
                              <div
                                class="vc-menu-item__title"
                              >
                                <span
                                  class="vc-menu-item__title-text"
                                >
                                  Declined
                                </span>
                                <!--v-if-->
                                
                                
                              </div>
                            </div>
                          </vctooltip>
                        </div>
                        
                      </div>
                    </div>
                  </div>
                  <div
                    class="vc-menu-item"
                  >
                    <vctooltip
                      placement="bottom"
                    >
                      <div
                        class="vc-menu-item__content"
                      >
                        <!-- Icon -->
                        <div
                          class="vc-menu-item__icon"
                        >
                          <svg
                            aria-hidden="true"
                            class="lucide vc-lucide-icon vc-lucide-icon--m vc-icon vc-icon--m vc-menu-item__icon-content vc-menu-item__icon-content lucide-users-icon lucide-users vc-lucide-icon vc-lucide-icon--m vc-icon vc-icon--m vc-menu-item__icon-content vc-menu-item__icon-content"
                            fill="none"
                            height="24"
                            stroke="currentColor"
                            stroke-linecap="round"
                            stroke-linejoin="round"
                            stroke-width="1.5"
                            viewBox="0 0 24 24"
                            width="24"
                            xmlns="http://www.w3.org/2000/svg"
                          >
                            <path
                              d="M16 21v-2a4 4 0 0 0-4-4H6a4 4 0 0 0-4 4v2"
                            />
                            <path
                              d="M16 3.128a4 4 0 0 1 0 7.744"
                            />
                            <path
                              d="M22 21v-2a4 4 0 0 0-3-3.87"
                            />
                            <circle
                              cx="9"
                              cy="7"
                              r="4"
                            />
                          </svg>
                        </div>
                        <!-- Title + badge (shown when expanded) -->
                        <div
                          class="vc-menu-item__title"
                        >
                          <span
                            class="vc-menu-item__title-text"
                          >
                            Customers
                          </span>
                          <!--v-if-->
                          
                          
                        </div>
                      </div>
                    </vctooltip>
                  </div>
                  
                </div>
              </div>
            </div>
            
          </div>
          
        </div>
      </div>
    </div>
  </div>
</div>ass="vc-menu-group__children"
            >
              
              <div
                class="vc-menu-item"
              >
                <vctooltip
                  placement="bottom"
                >
                  <div
                    class="vc-menu-item__content"
                  >
                    <!-- Icon -->
                    <div
                      class="vc-menu-item__icon"
                    >
                      <svg
                        aria-hidden="true"
                        class="lucide vc-lucide-icon vc-lucide-icon--m vc-icon vc-icon--m vc-menu-item__icon-content vc-menu-item__icon-content lucide-megaphone-icon lucide-megaphone vc-lucide-icon vc-lucide-icon--m vc-icon vc-icon--m vc-menu-item__icon-content vc-menu-item__icon-content"
                        fill="none"
                        height="24"
                        stroke="currentColor"
                        stroke-linecap="round"
                        stroke-linejoin="round"
                        stroke-width="1.5"
                        viewBox="0 0 24 24"
                        width="24"
                        xmlns="http://www.w3.org/2000/svg"
                      >
                        <path
                          d="M11 6a13 13 0 0 0 8.4-2.8A1 1 0 0 1 21 4v12a1 1 0 0 1-1.6.8A13 13 0 0 0 11 14H5a2 2 0 0 1-2-2V8a2 2 0 0 1 2-2z"
                        />
                        <path
                          d="M6 14a12 12 0 0 0 2.4 7.2 2 2 0 0 0 3.2-2.4A8 8 0 0 1 10 14"
                        />
                        <path
                          d="M8 6v8"
                        />
                      </svg>
                    </div>
                    <!-- Title + badge (shown when expanded) -->
                    <div
                      class="vc-menu-item__title"
                    >
                      <span
                        class="vc-menu-item__title-text"
                      >
                        Promotions
                      </span>
                      <!--v-if-->
                      
                      
                    </div>
                  </div>
                </vctooltip>
              </div>
              <div
                class="vc-menu-item"
              >
                <vctooltip
                  placement="bottom"
                >
                  <div
                    class="vc-menu-item__content"
                  >
                    <!-- Icon -->
                    <div
                      class="vc-menu-item__icon"
                    >
                      <svg
                        aria-hidden="true"
                        class="lucide vc-lucide-icon vc-lucide-icon--m vc-icon vc-icon--m vc-menu-item__icon-content vc-menu-item__icon-content lucide-file-code-icon lucide-file-code vc-lucide-icon vc-lucide-icon--m vc-icon vc-icon--m vc-menu-item__icon-content vc-menu-item__icon-content"
                        fill="none"
                        height="24"
                        stroke="currentColor"
                        stroke-linecap="round"
                        stroke-linejoin="round"
                        stroke-width="1.5"
                        viewBox="0 0 24 24"
                        width="24"
                        xmlns="http://www.w3.org/2000/svg"
                      >
                        <path
                          d="M6 22a2 2 0 0 1-2-2V4a2 2 0 0 1 2-2h8a2.4 2.4 0 0 1 1.704.706l3.588 3.588A2.4 2.4 0 0 1 20 8v12a2 2 0 0 1-2 2z"
                        />
                        <path
                          d="M14 2v5a1 1 0 0 0 1 1h5"
                        />
                        <path
                          d="M10 12.5 8 15l2 2.5"
                        />
                        <path
                          d="m14 12.5 2 2.5-2 2.5"
                        />
                      </svg>
                    </div>
                    <!-- Title + badge (shown when expanded) -->
                    <div
                      class="vc-menu-item__title"
                    >
                      <span
                        class="vc-menu-item__title-text"
                      >
                        Dynamic content
                      </span>
                      <!--v-if-->
                      
                      
                    </div>
                  </div>
                </vctooltip>
              </div>
              
            </div>
          </div>
        </div>
        
      </div>
      
    </div>
  </div>
</div>