<div
  data-v-app=""
>
  <div>
    <p
      class="tw-mb-2 tw-text-sm"
    >
      Items with custom spacing using utility classes
    </p>
    <div
      class="vc-row tw-gap-4"
    >
      
      
      <div
        class="tw-p-4 tw-bg-gray-100 tw-rounded tw-w-32 tw-h-32 tw-flex tw-items-center tw-justify-center"
      >
         Item 1
      </div>
      <div
        class="tw-p-4 tw-bg-gray-100 tw-rounded tw-w-32 tw-h-32 tw-flex tw-items-center tw-justify-center"
      >
         Item 2
      </div>
      <div
        class="tw-p-4 tw-bg-gray-100 tw-rounded tw-w-32 tw-h-32 tw-flex tw-items-center tw-justify-center"
      >
         Item 3
      </div>
      <div
        class="tw-p-4 tw-bg-gray-100 tw-rounded tw-w-32 tw-h-32 tw-flex tw-items-center tw-justify-center"
      >
         Item 4
      </div>
      
      
    </div>
  </div>
</div>      </div>
    </div>
  </div>
</div>"tw-font-medium tw-mb-2"
      >
        Card Title 3
      </h3>
      <p
        class="tw-text-sm tw-text-gray-600"
      >
        This is a card component that demonstrates the VcRow layout.
      </p>
    </div>
    
    
  </div>
</div>