<div
  data-v-app=""
>
  <div
    class="vc-status vc-status--danger"
    outline="false"
    role="status"
  >
    <div
      class="vc-status__content"
    >
      
      Error
      
    </div>
  </div>
</div>ass="tw-space-x-2"
      >
        <div
          class="vc-status vc-status--info"
          role="status"
        >
          <div
            class="vc-status__content"
          >
            
            Standard
            
          </div>
        </div>
        <div
          class="vc-status vc-status--info vc-status--extended"
          role="status"
        >
          <div
            class="vc-status__content"
          >
            
            Extended
            
          </div>
        </div>
        <div
          aria-label="info"
          class="vc-status vc-status--info vc-status--dot"
          role="status"
        >
          <div
            class="vc-status__content"
          >
            
            
          </div>
        </div>
      </div>
    </div>
    <div
      class="tw-space-y-2"
    >
      <h3
        class="tw-font-medium tw-text-sm"
      >
        warning
      </h3>
      <div
        class="tw-space-x-2"
      >
        <div
          class="vc-status vc-status--warning"
          role="status"
        >
          <div
            class="vc-status__content"
          >
            
            Standard
            
          </div>
        </div>
        <div
          class="vc-status vc-status--warning vc-status--extended"
          role="status"
        >
          <div
            class="vc-status__content"
          >
            
            Extended
            
          </div>
        </div>
        <div
          aria-label="warning"
          class="vc-status vc-status--warning vc-status--dot"
          role="status"
        >
          <div
            class="vc-status__content"
          >
            
            
          </div>
        </div>
      </div>
    </div>
    <div
      class="tw-space-y-2"
    >
      <h3
        class="tw-font-medium tw-text-sm"
      >
        danger
      </h3>
      <div
        class="tw-space-x-2"
      >
        <div
          class="vc-status vc-status--danger"
          role="status"
        >
          <div
            class="vc-status__content"
          >
            
            Standard
            
          </div>
        </div>
        <div
          class="vc-status vc-status--danger vc-status--extended"
          role="status"
        >
          <div
            class="vc-status__content"
          >
            
            Extended
            
          </div>
        </div>
        <div
          aria-label="danger"
          class="vc-status vc-status--danger vc-status--dot"
          role="status"
        >
          <div
            class="vc-status__content"
          >
            
            
          </div>
        </div>
      </div>
    </div>
    <div
      class="tw-space-y-2"
    >
      <h3
        class="tw-font-medium tw-text-sm"
      >
        success
      </h3>
      <div
        class="tw-space-x-2"
      >
        <div
          class="vc-status vc-status--success"
          role="status"
        >
          <div
            class="vc-status__content"
          >
            
            Standard
            
          </div>
        </div>
        <div
          class="vc-status vc-status--success vc-status--extended"
          role="status"
        >
          <div
            class="vc-status__content"
          >
            
            Extended
            
          </div>
        </div>
        <div
          aria-label="success"
          class="vc-status vc-status--success vc-status--dot"
          role="status"
        >
          <div
            class="vc-status__content"
          >
            
            
          </div>
        </div>
      </div>
    </div>
    <div
      class="tw-space-y-2"
    >
      <h3
        class="tw-font-medium tw-text-sm"
      >
        light-danger
      </h3>
      <div
        class="tw-space-x-2"
      >
        <div
          class="vc-status vc-status--light-danger"
          role="status"
        >
          <div
            class="vc-status__content"
          >
            
            Standard
            
          </div>
        </div>
        <div
          class="vc-status vc-status--light-danger vc-status--extended"
          role="status"
        >
          <div
            class="vc-status__content"
          >
            
            Extended
            
          </div>
        </div>
        <div
          aria-label="light-danger"
          class="vc-status vc-status--light-danger vc-status--dot"
          role="status"
        >
          <div
            class="vc-status__content"
          >
            
            
          </div>
        </div>
      </div>
    </div>
    <div
      class="tw-space-y-2"
    >
      <h3
        class="tw-font-medium tw-text-sm"
      >
        info-dark
      </h3>
      <div
        class="tw-space-x-2"
      >
        <div
          class="vc-status vc-status--info-dark"
          role="status"
        >
          <div
            class="vc-status__content"
          >
            
            Standard
            
          </div>
        </div>
        <div
          class="vc-status vc-status--info-dark vc-status--extended"
          role="status"
        >
          <div
            class="vc-status__content"
          >
            
            Extended
            
          </div>
        </div>
        <div
          aria-label="info-dark"
          class="vc-status vc-status--info-dark vc-status--dot"
          role="status"
        >
          <div
            class="vc-status__content"
          >
            
            
          </div>
        </div>
      </div>
    </div>
    <div
      class="tw-space-y-2"
    >
      <h3
        class="tw-font-medium tw-text-sm"
      >
        primary
      </h3>
      <div
        class="tw-space-x-2"
      >
        <div
          class="vc-status vc-status--primary"
          role="status"
        >
          <div
            class="vc-status__content"
          >
            
            Standard
            
          </div>
        </div>
        <div
          class="vc-status vc-status--primary vc-status--extended"
          role="status"
        >
          <div
            class="vc-status__content"
          >
            
            Extended
            
          </div>
        </div>
        <div
          aria-label="primary"
          class="vc-status vc-status--primary vc-status--dot"
          role="status"
        >
          <div
            class="vc-status__content"
          >
            
            
          </div>
        </div>
      </div>
    </div>
    
  </div>
</div>