<div
  data-v-app=""
>
  <div
    style="max-width: 600px; height: 300px;"
  >
    <div
      class="vc-video"
    >
      <div
        class="vc-label vc-video__label"
      >
        <div
          class="vc-label__text"
        >
          <span
            class="vc-label__content"
          >
            
            <span>
              Video Not Available
            </span>
            
          </span>
          <!--v-if-->
        </div>
        <!--v-if-->
        <!--v-if-->
      </div>
      <div
        class="vc-video__container"
      >
        <div
          aria-label="No video source"
          class="vc-video__placeholder"
          role="img"
        >
          <svg
            aria-hidden="true"
            class="lucide vc-lucide-icon vc-lucide-icon--xl vc-icon vc-icon--xl lucide-film-icon lucide-film vc-lucide-icon vc-lucide-icon--xl vc-icon vc-icon--xl"
            fill="none"
            height="24"
            stroke="currentColor"
            stroke-linecap="round"
            stroke-linejoin="round"
            stroke-width="1.5"
            viewBox="0 0 24 24"
            width="24"
            xmlns="http://www.w3.org/2000/svg"
          >
            <rect
              height="18"
              rx="2"
              width="18"
              x="3"
              y="3"
            />
            <path
              d="M7 3v18"
            />
            <path
              d="M3 7.5h4"
            />
            <path
              d="M3 12h18"
            />
            <path
              d="M3 16.5h4"
            />
            <path
              d="M17 3v18"
            />
            <path
              d="M17 7.5h4"
            />
            <path
              d="M17 16.5h4"
            />
          </svg>
        </div>
      </div>
    </div>
  </div>
</div>          allow="accelerometer; autoplay; clipboard-write; encrypted-media; gyroscope; picture-in-picture"
            allowfullscreen=""
            frameborder="0"
            height="300px"
            loading="lazy"
            sandbox="allow-scripts allow-same-origin allow-presentation allow-popups"
            src="https://www.youtube.com/embed/PeXX-V-dwpA"
            title="Product Overview"
            width="100%"
          />
        </div>
      </div>
    </div>
  </div>
</div>