<div
  data-v-app=""
>
  <div>
    <div
      class="tw-bg-gray-100 tw-p-4 tw-inline-block"
    >
      <div
        aria-label="Saved"
        class="vc-widget vc-widget--collapsed vc-widget--horizontal"
        data-widget-name="Saved"
        role="button"
        tabindex="0"
      >
        <vcbadge
          content="12"
          custom-position=""
          size="s"
          top="-6px"
        >
          <div
            class="vc-widget__icon-container"
          >
            <svg
              aria-hidden="true"
              class="lucide vc-lucide-icon vc-lucide-icon--m vc-icon vc-icon--m vc-widget__icon vc-widget__icon lucide-save-icon lucide-save vc-lucide-icon vc-lucide-icon--m vc-icon vc-icon--m vc-widget__icon vc-widget__icon"
              fill="none"
              height="24"
              stroke="currentColor"
              stroke-linecap="round"
              stroke-linejoin="round"
              stroke-width="1.5"
              viewBox="0 0 24 24"
              width="24"
              xmlns="http://www.w3.org/2000/svg"
            >
              <path
                d="M15.2 3a2 2 0 0 1 1.4.6l3.8 3.8a2 2 0 0 1 .6 1.4V19a2 2 0 0 1-2 2H5a2 2 0 0 1-2-2V5a2 2 0 0 1 2-2z"
              />
              <path
                d="M17 21v-7a1 1 0 0 0-1-1H8a1 1 0 0 0-1 1v7"
              />
              <path
                d="M7 3v4a1 1 0 0 0 1 1h7"
              />
            </svg>
          </div>
        </vcbadge>
        <div
          class="vc-widget__content"
        >
          <div
            class="vc-widget__title"
          >
            Saved
          </div>
        </div>
      </div>
    </div>
  </div>
</div>t-name="Messages"
        role="button"
        tabindex="0"
      >
        <vcbadge
          content="3"
          custom-position=""
          size="s"
          top="-6px"
        >
          <div
            class="vc-widget__icon-container"
          >
            <svg
              aria-hidden="true"
              class="lucide vc-lucide-icon vc-lucide-icon--m vc-icon vc-icon--m vc-widget__icon vc-widget__icon lucide-mail-icon lucide-mail vc-lucide-icon vc-lucide-icon--m vc-icon vc-icon--m vc-widget__icon vc-widget__icon"
              fill="none"
              height="24"
              stroke="currentColor"
              stroke-linecap="round"
              stroke-linejoin="round"
              stroke-width="1.5"
              viewBox="0 0 24 24"
              width="24"
              xmlns="http://www.w3.org/2000/svg"
            >
              <path
                d="m22 7-8.991 5.727a2 2 0 0 1-2.009 0L2 7"
              />
              <rect
                height="16"
                rx="2"
                width="20"
                x="2"
                y="4"
              />
            </svg>
          </div>
        </vcbadge>
        <div
          class="vc-widget__content"
        >
          <div
            class="vc-widget__title"
          >
            Messages
          </div>
        </div>
      </div>
      <div
        aria-label="Notifications"
        class="vc-widget vc-widget--collapsed"
        data-widget-name="Notifications"
        role="button"
        tabindex="0"
      >
        <vcbadge
          content="12"
          custom-position=""
          size="s"
          top="-6px"
        >
          <div
            class="vc-widget__icon-container"
          >
            <svg
              aria-hidden="true"
              class="lucide vc-lucide-icon vc-lucide-icon--m vc-icon vc-icon--m vc-widget__icon vc-widget__icon lucide-bell-icon lucide-bell vc-lucide-icon vc-lucide-icon--m vc-icon vc-icon--m vc-widget__icon vc-widget__icon"
              fill="none"
              height="24"
              stroke="currentColor"
              stroke-linecap="round"
              stroke-linejoin="round"
              stroke-width="1.5"
              viewBox="0 0 24 24"
              width="24"
              xmlns="http://www.w3.org/2000/svg"
            >
              <path
                d="M10.268 21a2 2 0 0 0 3.464 0"
              />
              <path
                d="M3.262 15.326A1 1 0 0 0 4 17h16a1 1 0 0 0 .74-1.673C19.41 13.956 18 12.499 18 8A6 6 0 0 0 6 8c0 4.499-1.411 5.956-2.738 7.326"
              />
            </svg>
          </div>
        </vcbadge>
        <div
          class="vc-widget__content"
        >
          <div
            class="vc-widget__title"
          >
            Notifications
          </div>
        </div>
      </div>
      <div
        aria-label="Profile"
        class="vc-widget vc-widget--collapsed"
        data-widget-name="Profile"
        role="button"
        tabindex="0"
      >
        <vcbadge
          custom-position=""
          size="s"
          top="-6px"
        >
          <div
            class="vc-widget__icon-container"
          >
            <svg
              aria-hidden="true"
              class="lucide vc-lucide-icon vc-lucide-icon--m vc-icon vc-icon--m vc-widget__icon vc-widget__icon lucide-user-icon lucide-user vc-lucide-icon vc-lucide-icon--m vc-icon vc-icon--m vc-widget__icon vc-widget__icon"
              fill="none"
              height="24"
              stroke="currentColor"
              stroke-linecap="round"
              stroke-linejoin="round"
              stroke-width="1.5"
              viewBox="0 0 24 24"
              width="24"
              xmlns="http://www.w3.org/2000/svg"
            >
              <path
                d="M19 21v-2a4 4 0 0 0-4-4H9a4 4 0 0 0-4 4v2"
              />
              <circle
                cx="12"
                cy="7"
                r="4"
              />
            </svg>
          </div>
        </vcbadge>
        <div
          class="vc-widget__content"
        >
          <div
            class="vc-widget__title"
          >
            Profile
          </div>
        </div>
      </div>
      <div
        aria-label="Settings"
        class="vc-widget vc-widget--collapsed"
        data-widget-name="Settings"
        role="button"
        tabindex="0"
      >
        <vcbadge
          content="1"
          custom-position=""
          size="s"
          top="-6px"
        >
          <div
            class="vc-widget__icon-container"
          >
            <svg
              aria-hidden="true"
              class="lucide vc-lucide-icon vc-lucide-icon--m vc-icon vc-icon--m vc-widget__icon vc-widget__icon lucide-settings-icon lucide-settings vc-lucide-icon vc-lucide-icon--m vc-icon vc-icon--m vc-widget__icon vc-widget__icon"
              fill="none"
              height="24"
              stroke="currentColor"
              stroke-linecap="round"
              stroke-linejoin="round"
              stroke-width="1.5"
              viewBox="0 0 24 24"
              width="24"
              xmlns="http://www.w3.org/2000/svg"
            >
              <path
                d="M9.671 4.136a2.34 2.34 0 0 1 4.659 0 2.34 2.34 0 0 0 3.319 1.915 2.34 2.34 0 0 1 2.33 4.033 2.34 2.34 0 0 0 0 3.831 2.34 2.34 0 0 1-2.33 4.033 2.34 2.34 0 0 0-3.319 1.915 2.34 2.34 0 0 1-4.659 0 2.34 2.34 0 0 0-3.32-1.915 2.34 2.34 0 0 1-2.33-4.033 2.34 2.34 0 0 0 0-3.831A2.34 2.34 0 0 1 6.35 6.051a2.34 2.34 0 0 0 3.319-1.915"
              />
              <circle
                cx="12"
                cy="12"
                r="3"
              />
            </svg>
          </div>
        </vcbadge>
        <div
          class="vc-widget__content"
        >
          <div
            class="vc-widget__title"
          >
            Settings
          </div>
        </div>
      </div>
      
    </div>
  </div>
</div>